Estimated testing time 45s (3 benchmarks x 15s). Change using '-quota'.
bound opening: Total time taken 15.025686502456665s (152 samples, max runs 152).
unbound commitment: Total time taken 15.143573999404907s (153 samples, max runs 153).
unbound opening: Total time taken 15.000829935073853s (153 samples, max runs 153).
                                                                                                                                                                                               
  Name                 Runs @ Samples   Time/Run   Cycls/Run   mWd/Run   mWd Overhd   mjWd/Run   mjWd Overhd   Prom/Run   Prom Overhd    mGC/Run   mjGC/Run   Comp/Run   Percentage   Speedup  
 -------------------- ---------------- ---------- ----------- --------- ------------ ---------- ------------- ---------- ------------- ---------- ---------- ---------- ------------ --------- 
  bound opening             152 @ 152   822.06us    854.61kc   15.24kw       24.06w     15.45w       -90.52w     15.45w       -90.52w   53.13e-3    0.00e-9    0.00e-9       99.93%      1.00  
  unbound commitment        153 @ 153   822.62us    855.13kc   15.14kw       25.53w     14.37w        91.98w     14.37w        91.98w   52.84e-3    0.00e-9    0.00e-9      100.00%      1.01  
  unbound opening           153 @ 153   818.01us    850.32kc   15.14kw       25.53w     14.37w        91.98w     14.37w        91.98w   52.84e-3    0.00e-9    0.00e-9       99.44%      1.00  
                                                                                                                                                                                               
