Estimated testing time 45s (3 benchmarks x 15s). Change using -quota SECS.
bound opening: Total time taken 15.14s (156 samples, max runs 156).
unbound commitment: Total time taken 15.1478s (158 samples, max runs 158).
unbound opening: Total time taken 15.0146s (157 samples, max runs 157).
                                                                                                                                                                                               
  Name                 Runs @ Samples   Time/Run   Cycls/Run   mWd/Run   mWd Overhd   mjWd/Run   mjWd Overhd   Prom/Run   Prom Overhd    mGC/Run   mjGC/Run   Comp/Run   Percentage   Speedup  
 -------------------- ---------------- ---------- ----------- --------- ------------ ---------- ------------- ---------- ------------- ---------- ---------- ---------- ------------ --------- 
  bound opening             156 @ 156   841.47us    874.71kc   19.78kw       25.82w     18.59w        35.39w     18.59w        35.39w   70.62e-3    0.00e-9    0.00e-9      100.00%      1.02  
  unbound commitment        158 @ 158   823.70us    856.24kc   19.69kw       23.02w     22.75w      -132.15w     22.75w      -132.15w   70.32e-3    0.00e-9    0.00e-9       97.89%      1.00  
  unbound opening           157 @ 157   826.47us    859.12kc   19.69kw       23.02w     22.81w      -135.02w     22.81w      -135.02w   70.33e-3    0.00e-9    0.00e-9       98.22%      1.00  
                                                                                                                                                                                               
